  姝ｅ湪纭畾瑕佽繕鍘熺殑椤圭洰鈥?
  鎵€鏈夐」鐩潎鏄渶鏂扮殑锛屾棤娉曡繕鍘熴€?
  鑷姩鐢熸垚鐗堟湰鍙? 1.0.153
  鑷姩鐢熸垚鐗堟湰鍙? 1.0.153
  鑷姩鐢熸垚鐗堟湰鍙? 1.0.153
  鑷姩鐢熸垚鐗堟湰鍙? 1.0.153
  HalconWrapper -> c:\WorkFiles\5.30\GZQL_MACHINE\HalconWrapper\bin\Debug\net9.0-windows7.0\HalconWrapper.dll
  鑷姩鐢熸垚鐗堟湰鍙? 1.0.153
  鑷姩鐢熸垚鐗堟湰鍙? 1.0.153
  鑷姩鐢熸垚鐗堟湰鍙? 1.0.153
  鑷姩鐢熸垚鐗堟湰鍙? 1.0.153
  LogGenerator -> c:\WorkFiles\5.30\GZQL_MACHINE\LogGenerator\bin\Debug\net9.0-windows7.0\LogGenerator.dll
  鑷姩鐢熸垚鐗堟湰鍙? 1.0.153
  鑷姩鐢熸垚鐗堟湰鍙? 1.0.153
  鑷姩鐢熸垚鐗堟湰鍙? 1.0.153
  鑷姩鐢熸垚鐗堟湰鍙? 1.0.153
  鑷姩鐢熸垚鐗堟湰鍙? 1.0.153
  鑷姩鐢熸垚鐗堟湰鍙? 1.0.153
C:\Program Files\dotnet\sdk\10.0.203\Sdks\Microsoft.NET.Sdk\targets\Microsoft.PackageDependencyResolution.targets(266,5): warning NETSDK1187: 鍖?MaterialDesignExtensions 3.0.0 鍏锋湁鍏锋湁鍖哄煙璁剧疆'Ru'鐨勮祫婧愩€傛鍖哄煙璁剧疆宸茶鑼冨寲涓烘爣鍑嗘牸寮?ru'浠ラ槻姝㈢敓鎴愪腑鍑虹幇澶у皬鍐欓棶棰樸€傝鑰冭檻灏辨澶у皬鍐欓棶棰橀€氱煡鍖呬綔鑰呫€?[c:\WorkFiles\5.30\GZQL_MACHINE\ModuleCore\ModuleCore.csproj]
C:\Program Files\dotnet\sdk\10.0.203\Sdks\Microsoft.NET.Sdk\targets\Microsoft.PackageDependencyResolution.targets(266,5): warning NETSDK1187: 鍖?MaterialDesignExtensions 3.0.0 鍏锋湁鍏锋湁鍖哄煙璁剧疆'ru-ru'鐨勮祫婧愩€傛鍖哄煙璁剧疆宸茶鑼冨寲涓烘爣鍑嗘牸寮?ru-RU'浠ラ槻姝㈢敓鎴愪腑鍑虹幇澶у皬鍐欓棶棰樸€傝鑰冭檻灏辨澶у皬鍐欓棶棰橀€氱煡鍖呬綔鑰呫€?[c:\WorkFiles\5.30\GZQL_MACHINE\ModuleCore\ModuleCore.csproj]
  鑷姩鐢熸垚鐗堟湰鍙? 1.0.153
  Core -> c:\WorkFiles\5.30\GZQL_MACHINE\Core\bin\Debug\net9.0-windows7.0\Core.dll
C:\Program Files\dotnet\sdk\10.0.203\Sdks\Microsoft.NET.Sdk\targets\Microsoft.PackageDependencyResolution.targets(266,5): warning NETSDK1187: 鍖?MaterialDesignExtensions 3.0.0 鍏锋湁鍏锋湁鍖哄煙璁剧疆'Ru'鐨勮祫婧愩€傛鍖哄煙璁剧疆宸茶鑼冨寲涓烘爣鍑嗘牸寮?ru'浠ラ槻姝㈢敓鎴愪腑鍑虹幇澶у皬鍐欓棶棰樸€傝鑰冭檻灏辨澶у皬鍐欓棶棰橀€氱煡鍖呬綔鑰呫€?[c:\WorkFiles\5.30\GZQL_MACHINE\Framework\Framework_iu1u1hkq_wpftmp.csproj]
C:\Program Files\dotnet\sdk\10.0.203\Sdks\Microsoft.NET.Sdk\targets\Microsoft.PackageDependencyResolution.targets(266,5): warning NETSDK1187: 鍖?MaterialDesignExtensions 3.0.0 鍏锋湁鍏锋湁鍖哄煙璁剧疆'ru-ru'鐨勮祫婧愩€傛鍖哄煙璁剧疆宸茶鑼冨寲涓烘爣鍑嗘牸寮?ru-RU'浠ラ槻姝㈢敓鎴愪腑鍑虹幇澶у皬鍐欓棶棰樸€傝鑰冭檻灏辨澶у皬鍐欓棶棰橀€氱煡鍖呬綔鑰呫€?[c:\WorkFiles\5.30\GZQL_MACHINE\Framework\Framework_iu1u1hkq_wpftmp.csproj]
  MvvmTextEditor -> c:\WorkFiles\5.30\GZQL_MACHINE\MvvmTextEditor\bin\Debug\net9.0-windows7.0\MvvmTextEditor.dll
c:\WorkFiles\5.30\GZQL_MACHINE\LanguageModule\ViewModels\LanguageSelectorViewModel.cs(57,53): warning CS8622: 鈥渧oid LanguageSelectorViewModel.OnLanguageChangedHandler(object sender, LanguageChangedEventArgs e)鈥濈殑鍙傛暟鈥渟ender鈥濈被鍨嬩腑寮曠敤绫诲瀷鐨勪负 Null 鎬т笌鐩爣濮旀墭鈥淓ventHandler<LanguageChangedEventArgs>鈥濅笉鍖归厤(鍙兘鏄敱浜庝负 Null 鎬х壒鎬?銆?[c:\WorkFiles\5.30\GZQL_MACHINE\LanguageModule\Language_zwhl5e2c_wpftmp.csproj]
c:\WorkFiles\5.30\GZQL_MACHINE\LanguageModule\ViewModels\LanguageSelectorViewModel.cs(46,16): warning CS8618: 鍦ㄩ€€鍑烘瀯閫犲嚱鏁版椂锛屼笉鍙负 null 鐨?瀛楁 "_languages" 蹇呴』鍖呭惈闈?null 鍊笺€傝鑰冭檻娣诲姞 "required" 淇グ绗︽垨灏嗚 瀛楁 澹版槑涓哄彲涓?null銆?[c:\WorkFiles\5.30\GZQL_MACHINE\LanguageModule\Language_zwhl5e2c_wpftmp.csproj]
c:\WorkFiles\5.30\GZQL_MACHINE\LanguageModule\ViewModels\LanguageSelectorViewModel.cs(46,16): warning CS8618: 鍦ㄩ€€鍑烘瀯閫犲嚱鏁版椂锛屼笉鍙负 null 鐨?瀛楁 "_selectedLanguage" 蹇呴』鍖呭惈闈?null 鍊笺€傝鑰冭檻娣诲姞 "required" 淇グ绗︽垨灏嗚 瀛楁 澹版槑涓哄彲涓?null銆?[c:\WorkFiles\5.30\GZQL_MACHINE\LanguageModule\Language_zwhl5e2c_wpftmp.csproj]
c:\WorkFiles\5.30\GZQL_MACHINE\LanguageModule\ViewModels\LocalizedViewModelBase.cs(30,52): warning CS8622: 鈥渧oid LocalizedViewModelBase.OnLanguageChangedEventHandler(object sender, LanguageChangedEventArgs e)鈥濈殑鍙傛暟鈥渟ender鈥濈被鍨嬩腑寮曠敤绫诲瀷鐨勪负 Null 鎬т笌鐩爣濮旀墭鈥淓ventHandler<LanguageChangedEventArgs>鈥濅笉鍖归厤(鍙兘鏄敱浜庝负 Null 鎬х壒鎬?銆?[c:\WorkFiles\5.30\GZQL_MACHINE\LanguageModule\Language_zwhl5e2c_wpftmp.csproj]
c:\WorkFiles\5.30\GZQL_MACHINE\Framework\ViewModels\BusyIndicatorViewModel.cs(92,69): warning CS8625: 鏃犳硶灏?null 瀛楅潰閲忚浆鎹负闈?null 鐨勫紩鐢ㄧ被鍨嬨€?[c:\WorkFiles\5.30\GZQL_MACHINE\Framework\Framework_iu1u1hkq_wpftmp.csproj]
c:\WorkFiles\5.30\GZQL_MACHINE\Framework\ViewModels\BusyIndicatorViewModel.cs(105,55): warning CS8625: 鏃犳硶灏?null 瀛楅潰閲忚浆鎹负闈?null 鐨勫紩鐢ㄧ被鍨嬨€?[c:\WorkFiles\5.30\GZQL_MACHINE\Framework\Framework_iu1u1hkq_wpftmp.csproj]
c:\WorkFiles\5.30\GZQL_MACHINE\Framework\Dialogs\DialogServiceExtensions.cs(8,138): warning CS8625: 鏃犳硶灏?null 瀛楅潰閲忚浆鎹负闈?null 鐨勫紩鐢ㄧ被鍨嬨€?[c:\WorkFiles\5.30\GZQL_MACHINE\Framework\Framework_iu1u1hkq_wpftmp.csproj]
c:\WorkFiles\5.30\GZQL_MACHINE\Framework\Dialogs\IFileDialogService.cs(16,51): warning CS8625: 鏃犳硶灏?null 瀛楅潰閲忚浆鎹负闈?null 鐨勫紩鐢ㄧ被鍨嬨€?[c:\WorkFiles\5.30\GZQL_MACHINE\Framework\Framework_iu1u1hkq_wpftmp.csproj]
c:\WorkFiles\5.30\GZQL_MACHINE\Framework\Dialogs\IFileDialogService.cs(16,72): warning CS8625: 鏃犳硶灏?null 瀛楅潰閲忚浆鎹负闈?null 鐨勫紩鐢ㄧ被鍨嬨€?[c:\WorkFiles\5.30\GZQL_MACHINE\Framework\Framework_iu1u1hkq_wpftmp.csproj]
c:\WorkFiles\5.30\GZQL_MACHINE\Framework\Dialogs\IFileDialogService.cs(25,51): warning CS8625: 鏃犳硶灏?null 瀛楅潰閲忚浆鎹负闈?null 鐨勫紩鐢ㄧ被鍨嬨€?[c:\WorkFiles\5.30\GZQL_MACHINE\Framework\Framework_iu1u1hkq_wpftmp.csproj]
c:\WorkFiles\5.30\GZQL_MACHINE\Framework\Dialogs\IFileDialogService.cs(25,72): warning CS8625: 鏃犳硶灏?null 瀛楅潰閲忚浆鎹负闈?null 鐨勫紩鐢ㄧ被鍨嬨€?[c:\WorkFiles\5.30\GZQL_MACHINE\Framework\Framework_iu1u1hkq_wpftmp.csproj]
c:\WorkFiles\5.30\GZQL_MACHINE\Framework\Dialogs\IFileDialogService.cs(25,103): warning CS8625: 鏃犳硶灏?null 瀛楅潰閲忚浆鎹负闈?null 鐨勫紩鐢ㄧ被鍨嬨€?[c:\WorkFiles\5.30\GZQL_MACHINE\Framework\Framework_iu1u1hkq_wpftmp.csproj]
c:\WorkFiles\5.30\GZQL_MACHINE\Framework\Models\DialogButton.cs(11,33): error CS0246: 鏈兘鎵惧埌绫诲瀷鎴栧懡鍚嶇┖闂村悕鈥淏indableObject鈥?鏄惁缂哄皯 using 鎸囦护鎴栫▼搴忛泦寮曠敤?) [c:\WorkFiles\5.30\GZQL_MACHINE\Framework\Framework_iu1u1hkq_wpftmp.csproj]
c:\WorkFiles\5.30\GZQL_MACHINE\Framework\Helpers\NumericIncrementBehavior.cs(299,89): warning CS8625: 鏃犳硶灏?null 瀛楅潰閲忚浆鎹负闈?null 鐨勫紩鐢ㄧ被鍨嬨€?[c:\WorkFiles\5.30\GZQL_MACHINE\Framework\Framework_iu1u1hkq_wpftmp.csproj]
c:\WorkFiles\5.30\GZQL_MACHINE\Framework\Mvvm\ObservableDictionary.cs(7,18): warning CS8714: 绫诲瀷鈥淭Key鈥濅笉鑳界敤浣滄硾鍨嬬被鍨嬫垨鏂规硶鈥淒ictionary<TKey, TValue>鈥濅腑鐨勭被鍨嬪弬鏁扳€淭Key鈥濄€傜被鍨嬪弬鏁扳€淭Key鈥濈殑涓?Null 鎬т笌 "notnull" 绾︽潫涓嶅尮閰嶃€?[c:\WorkFiles\5.30\GZQL_MACHINE\Framework\Framework_iu1u1hkq_wpftmp.csproj]
c:\WorkFiles\5.30\GZQL_MACHINE\Framework\Mvvm\ObservableDictionary.cs(15,58): warning CS8612: 鈥渆vent NotifyCollectionChangedEventHandler ObservableDictionary<TKey, TValue>.CollectionChanged鈥濈殑绫诲瀷涓紩鐢ㄧ被鍨嬬殑涓?Null 鎬т笌闅愬紡瀹炵幇鐨勬垚鍛樷€渆vent NotifyCollectionChangedEventHandler? INotifyCollectionChanged.CollectionChanged鈥濅笉鍖归厤銆?[c:\WorkFiles\5.30\GZQL_MACHINE\Framework\Framework_iu1u1hkq_wpftmp.csproj]
c:\WorkFiles\5.30\GZQL_MACHINE\Framework\Mvvm\ObservableDictionary.cs(17,34): warning CS8714: 绫诲瀷鈥淭Key鈥濅笉鑳界敤浣滄硾鍨嬬被鍨嬫垨鏂规硶鈥淒ictionary<TKey, TValue>鈥濅腑鐨勭被鍨嬪弬鏁扳€淭Key鈥濄€傜被鍨嬪弬鏁扳€淭Key鈥濈殑涓?Null 鎬т笌 "notnull" 绾︽潫涓嶅尮閰嶃€?[c:\WorkFiles\5.30\GZQL_MACHINE\Framework\Framework_iu1u1hkq_wpftmp.csproj]
c:\WorkFiles\5.30\GZQL_MACHINE\Framework\Mvvm\ObservableDictionary.cs(22,36): warning CS8714: 绫诲瀷鈥淭Key鈥濅笉鑳界敤浣滄硾鍨嬬被鍨嬫垨鏂规硶鈥淒ictionary<TKey, TValue>鈥濅腑鐨勭被鍨嬪弬鏁扳€淭Key鈥濄€傜被鍨嬪弬鏁扳€淭Key鈥濈殑涓?Null 鎬т笌 "notnull" 绾︽潫涓嶅尮閰嶃€?[c:\WorkFiles\5.30\GZQL_MACHINE\Framework\Framework_iu1u1hkq_wpftmp.csproj]
c:\WorkFiles\5.30\GZQL_MACHINE\Framework\Services\DialogService.cs(74,38): warning CS8625: 鏃犳硶灏?null 瀛楅潰閲忚浆鎹负闈?null 鐨勫紩鐢ㄧ被鍨嬨€?[c:\WorkFiles\5.30\GZQL_MACHINE\Framework\Framework_iu1u1hkq_wpftmp.csproj]
c:\WorkFiles\5.30\GZQL_MACHINE\Framework\Services\DialogService.cs(143,38): warning CS8625: 鏃犳硶灏?null 瀛楅潰閲忚浆鎹负闈?null 鐨勫紩鐢ㄧ被鍨嬨€?[c:\WorkFiles\5.30\GZQL_MACHINE\Framework\Framework_iu1u1hkq_wpftmp.csproj]
c:\WorkFiles\5.30\GZQL_MACHINE\Framework\Services\DialogService.cs(251,28): warning CS8625: 鏃犳硶灏?null 瀛楅潰閲忚浆鎹负闈?null 鐨勫紩鐢ㄧ被鍨嬨€?[c:\WorkFiles\5.30\GZQL_MACHINE\Framework\Framework_iu1u1hkq_wpftmp.csproj]
c:\WorkFiles\5.30\GZQL_MACHINE\Framework\Services\DialogService.cs(351,38): warning CS8625: 鏃犳硶灏?null 瀛楅潰閲忚浆鎹负闈?null 鐨勫紩鐢ㄧ被鍨嬨€?[c:\WorkFiles\5.30\GZQL_MACHINE\Framework\Framework_iu1u1hkq_wpftmp.csproj]
c:\WorkFiles\5.30\GZQL_MACHINE\Framework\Services\DialogService.cs(357,28): warning CS8625: 鏃犳硶灏?null 瀛楅潰閲忚浆鎹负闈?null 鐨勫紩鐢ㄧ被鍨嬨€?[c:\WorkFiles\5.30\GZQL_MACHINE\Framework\Framework_iu1u1hkq_wpftmp.csproj]
c:\WorkFiles\5.30\GZQL_MACHINE\Framework\Services\DialogService.cs(419,28): warning CS8625: 鏃犳硶灏?null 瀛楅潰閲忚浆鎹负闈?null 鐨勫紩鐢ㄧ被鍨嬨€?[c:\WorkFiles\5.30\GZQL_MACHINE\Framework\Framework_iu1u1hkq_wpftmp.csproj]
c:\WorkFiles\5.30\GZQL_MACHINE\Framework\Services\FileDialogService.cs(8,58): warning CS8625: 鏃犳硶灏?null 瀛楅潰閲忚浆鎹负闈?null 鐨勫紩鐢ㄧ被鍨嬨€?[c:\WorkFiles\5.30\GZQL_MACHINE\Framework\Framework_iu1u1hkq_wpftmp.csproj]
c:\WorkFiles\5.30\GZQL_MACHINE\Framework\Services\FileDialogService.cs(8,79): warning CS8625: 鏃犳硶灏?null 瀛楅潰閲忚浆鎹负闈?null 鐨勫紩鐢ㄧ被鍨嬨€?[c:\WorkFiles\5.30\GZQL_MACHINE\Framework\Framework_iu1u1hkq_wpftmp.csproj]
c:\WorkFiles\5.30\GZQL_MACHINE\Framework\Services\FileDialogService.cs(18,58): warning CS8625: 鏃犳硶灏?null 瀛楅潰閲忚浆鎹负闈?null 鐨勫紩鐢ㄧ被鍨嬨€?[c:\WorkFiles\5.30\GZQL_MACHINE\Framework\Framework_iu1u1hkq_wpftmp.csproj]
c:\WorkFiles\5.30\GZQL_MACHINE\Framework\Services\FileDialogService.cs(18,79): warning CS8625: 鏃犳硶灏?null 瀛楅潰閲忚浆鎹负闈?null 鐨勫紩鐢ㄧ被鍨嬨€?[c:\WorkFiles\5.30\GZQL_MACHINE\Framework\Framework_iu1u1hkq_wpftmp.csproj]
c:\WorkFiles\5.30\GZQL_MACHINE\Framework\Services\FileDialogService.cs(18,110): warning CS8625: 鏃犳硶灏?null 瀛楅潰閲忚浆鎹负闈?null 鐨勫紩鐢ㄧ被鍨嬨€?[c:\WorkFiles\5.30\GZQL_MACHINE\Framework\Framework_iu1u1hkq_wpftmp.csproj]
c:\WorkFiles\5.30\GZQL_MACHINE\Framework\Services\ParameterDialogService.cs(20,50): warning CS8625: 鏃犳硶灏?null 瀛楅潰閲忚浆鎹负闈?null 鐨勫紩鐢ㄧ被鍨嬨€?[c:\WorkFiles\5.30\GZQL_MACHINE\Framework\Framework_iu1u1hkq_wpftmp.csproj]
c:\WorkFiles\5.30\GZQL_MACHINE\Framework\Services\ParameterDialogService.cs(20,83): warning CS8625: 鏃犳硶灏?null 瀛楅潰閲忚浆鎹负闈?null 鐨勫紩鐢ㄧ被鍨嬨€?[c:\WorkFiles\5.30\GZQL_MACHINE\Framework\Framework_iu1u1hkq_wpftmp.csproj]
c:\WorkFiles\5.30\GZQL_MACHINE\Framework\Services\RecipeDialogService.cs(20,148): warning CS8625: 鏃犳硶灏?null 瀛楅潰閲忚浆鎹负闈?null 鐨勫紩鐢ㄧ被鍨嬨€?[c:\WorkFiles\5.30\GZQL_MACHINE\Framework\Framework_iu1u1hkq_wpftmp.csproj]
c:\WorkFiles\5.30\GZQL_MACHINE\Framework\Views\MessageDialog.xaml.cs(68,37): warning CS8625: 鏃犳硶灏?null 瀛楅潰閲忚浆鎹负闈?null 鐨勫紩鐢ㄧ被鍨嬨€?[c:\WorkFiles\5.30\GZQL_MACHINE\Framework\Framework_iu1u1hkq_wpftmp.csproj]
c:\WorkFiles\5.30\GZQL_MACHINE\LogViewer\Views\LogViewer.xaml.cs(24,16): warning CS8618: 鍦ㄩ€€鍑烘瀯閫犲嚱鏁版椂锛屼笉鍙负 null 鐨?瀛楁 "_filteredLogEntries" 蹇呴』鍖呭惈闈?null 鍊笺€傝鑰冭檻娣诲姞 "required" 淇グ绗︽垨灏嗚 瀛楁 澹版槑涓哄彲涓?null銆?[c:\WorkFiles\5.30\GZQL_MACHINE\LogViewer\LogViewer_ksrryn2d_wpftmp.csproj]
c:\WorkFiles\5.30\GZQL_MACHINE\LogViewer\Views\LogViewer.xaml.cs(24,16): warning CS8618: 鍦ㄩ€€鍑烘瀯閫犲嚱鏁版椂锛屼笉鍙负 null 鐨?瀛楁 "_scrollTimer" 蹇呴』鍖呭惈闈?null 鍊笺€傝鑰冭檻娣诲姞 "required" 淇グ绗︽垨灏嗚 瀛楁 澹版槑涓哄彲涓?null銆?[c:\WorkFiles\5.30\GZQL_MACHINE\LogViewer\LogViewer_ksrryn2d_wpftmp.csproj]
c:\WorkFiles\5.30\GZQL_MACHINE\LogViewer\Views\LogViewer.xaml.cs(24,16): warning CS8618: 鍦ㄩ€€鍑烘瀯閫犲嚱鏁版椂锛屼笉鍙负 null 鐨?浜嬩欢 "PropertyChanged" 蹇呴』鍖呭惈闈?null 鍊笺€傝鑰冭檻娣诲姞 "required" 淇グ绗︽垨灏嗚 浜嬩欢 澹版槑涓哄彲涓?null銆?[c:\WorkFiles\5.30\GZQL_MACHINE\LogViewer\LogViewer_ksrryn2d_wpftmp.csproj]
c:\WorkFiles\5.30\GZQL_MACHINE\LogViewer\Views\LogViewer.xaml.cs(40,44): warning CS8622: 鈥渧oid LogViewer.OnLogEntryAdded(object sender, LogEntryAddedEventArgs e)鈥濈殑鍙傛暟鈥渟ender鈥濈被鍨嬩腑寮曠敤绫诲瀷鐨勪负 Null 鎬т笌鐩爣濮旀墭鈥淓ventHandler<LogEntryAddedEventArgs>鈥濅笉鍖归厤(鍙兘鏄敱浜庝负 Null 鎬х壒鎬?銆?[c:\WorkFiles\5.30\GZQL_MACHINE\LogViewer\LogViewer_ksrryn2d_wpftmp.csproj]
c:\WorkFiles\5.30\GZQL_MACHINE\LogViewer\Views\LogViewer.xaml.cs(61,34): warning CS8622: 鈥渧oid LogViewer.OnScrollTimerTick(object sender, EventArgs e)鈥濈殑鍙傛暟鈥渟ender鈥濈被鍨嬩腑寮曠敤绫诲瀷鐨勪负 Null 鎬т笌鐩爣濮旀墭鈥淓ventHandler鈥濅笉鍖归厤(鍙兘鏄敱浜庝负 Null 鎬х壒鎬?銆?[c:\WorkFiles\5.30\GZQL_MACHINE\LogViewer\LogViewer_ksrryn2d_wpftmp.csproj]
c:\WorkFiles\5.30\GZQL_MACHINE\LogViewer\Views\LogViewer.xaml.cs(70,32): warning CS8625: 鏃犳硶灏?null 瀛楅潰閲忚浆鎹负闈?null 鐨勫紩鐢ㄧ被鍨嬨€?[c:\WorkFiles\5.30\GZQL_MACHINE\LogViewer\LogViewer_ksrryn2d_wpftmp.csproj]
c:\WorkFiles\5.30\GZQL_MACHINE\LogViewer\ViewModels\LogViewerViewModel.cs(145,23): warning CS8618: 鍦ㄩ€€鍑烘瀯閫犲嚱鏁版椂锛屼笉鍙负 null 鐨?灞炴€?"Level" 蹇呴』鍖呭惈闈?null 鍊笺€傝鑰冭檻娣诲姞 "required" 淇グ绗︽垨灏嗚 灞炴€?澹版槑涓哄彲涓?null銆?[c:\WorkFiles\5.30\GZQL_MACHINE\LogViewer\LogViewer_ksrryn2d_wpftmp.csproj]
c:\WorkFiles\5.30\GZQL_MACHINE\LogViewer\ViewModels\LogViewerViewModel.cs(146,23): warning CS8618: 鍦ㄩ€€鍑烘瀯閫犲嚱鏁版椂锛屼笉鍙负 null 鐨?灞炴€?"Message" 蹇呴』鍖呭惈闈?null 鍊笺€傝鑰冭檻娣诲姞 "required" 淇グ绗︽垨灏嗚 灞炴€?澹版槑涓哄彲涓?null銆?[c:\WorkFiles\5.30\GZQL_MACHINE\LogViewer\LogViewer_ksrryn2d_wpftmp.csproj]
c:\WorkFiles\5.30\GZQL_MACHINE\LogViewer\ViewModels\LogViewerViewModel.cs(147,23): warning CS8618: 鍦ㄩ€€鍑烘瀯閫犲嚱鏁版椂锛屼笉鍙负 null 鐨?灞炴€?"Exception" 蹇呴』鍖呭惈闈?null 鍊笺€傝鑰冭檻娣诲姞 "required" 淇グ绗︽垨灏嗚 灞炴€?澹版槑涓哄彲涓?null銆?[c:\WorkFiles\5.30\GZQL_MACHINE\LogViewer\LogViewer_ksrryn2d_wpftmp.csproj]
c:\WorkFiles\5.30\GZQL_MACHINE\LogViewer\Converters\NewLineToLineBreakConverter.cs(21,39): warning CS8603: 鍙兘杩斿洖 null 寮曠敤銆?[c:\WorkFiles\5.30\GZQL_MACHINE\LogViewer\LogViewer_ksrryn2d_wpftmp.csproj]
c:\WorkFiles\5.30\GZQL_MACHINE\LogViewer\Converters\NewLineToLineBreakConverter.cs(23,27): warning CS8600: 灏?null 鏂囨湰鎴栧彲鑳界殑 null 鍊艰浆鎹负涓嶅彲涓?null 绫诲瀷銆?[c:\WorkFiles\5.30\GZQL_MACHINE\LogViewer\LogViewer_ksrryn2d_wpftmp.csproj]
c:\WorkFiles\5.30\GZQL_MACHINE\LogViewer\Converters\NewLineToLineBreakConverter.cs(24,52): warning CS8603: 鍙兘杩斿洖 null 寮曠敤銆?[c:\WorkFiles\5.30\GZQL_MACHINE\LogViewer\LogViewer_ksrryn2d_wpftmp.csproj]
c:\WorkFiles\5.30\GZQL_MACHINE\LogViewer\ViewModels\LogViewerViewModel.cs(34,40): warning CS8622: 鈥渧oid LogViewerViewModel.OnLogEvent(object sender, LogEventArgs e)鈥濈殑鍙傛暟鈥渟ender鈥濈被鍨嬩腑寮曠敤绫诲瀷鐨勪负 Null 鎬т笌鐩爣濮旀墭鈥淓ventHandler<LogEventArgs>鈥濅笉鍖归厤(鍙兘鏄敱浜庝负 Null 鎬х壒鎬?銆?[c:\WorkFiles\5.30\GZQL_MACHINE\LogViewer\LogViewer_ksrryn2d_wpftmp.csproj]
c:\WorkFiles\5.30\GZQL_MACHINE\LogViewer\ViewModels\LogViewerViewModel.cs(41,33): warning CS8622: 鈥渧oid LogViewerViewModel.OnBatchTimerTick(object sender, EventArgs e)鈥濈殑鍙傛暟鈥渟ender鈥濈被鍨嬩腑寮曠敤绫诲瀷鐨勪负 Null 鎬т笌鐩爣濮旀墭鈥淓ventHandler鈥濅笉鍖归厤(鍙兘鏄敱浜庝负 Null 鎬х壒鎬?銆?[c:\WorkFiles\5.30\GZQL_MACHINE\LogViewer\LogViewer_ksrryn2d_wpftmp.csproj]
c:\WorkFiles\5.30\GZQL_MACHINE\LogViewer\ViewModels\LogViewerViewModel.cs(29,16): warning CS8618: 鍦ㄩ€€鍑烘瀯閫犲嚱鏁版椂锛屼笉鍙负 null 鐨?瀛楁 "_logEntries" 蹇呴』鍖呭惈闈?null 鍊笺€傝鑰冭檻娣诲姞 "required" 淇グ绗︽垨灏嗚 瀛楁 澹版槑涓哄彲涓?null銆?[c:\WorkFiles\5.30\GZQL_MACHINE\LogViewer\LogViewer_ksrryn2d_wpftmp.csproj]
c:\WorkFiles\5.30\GZQL_MACHINE\LogViewer\ViewModels\LogViewerViewModel.cs(29,16): warning CS8618: 鍦ㄩ€€鍑烘瀯閫犲嚱鏁版椂锛屼笉鍙负 null 鐨?浜嬩欢 "LogEntryAdded" 蹇呴』鍖呭惈闈?null 鍊笺€傝鑰冭檻娣诲姞 "required" 淇グ绗︽垨灏嗚 浜嬩欢 澹版槑涓哄彲涓?null銆?[c:\WorkFiles\5.30\GZQL_MACHINE\LogViewer\LogViewer_ksrryn2d_wpftmp.csproj]
c:\WorkFiles\5.30\GZQL_MACHINE\LogViewer\ViewModels\LogViewerViewModel.cs(57,33): warning CS8601: 鍙兘鐨?null 寮曠敤璧嬪€笺€?[c:\WorkFiles\5.30\GZQL_MACHINE\LogViewer\LogViewer_ksrryn2d_wpftmp.csproj]
c:\WorkFiles\5.30\GZQL_MACHINE\LogViewer\ViewModels\LogViewerViewModel.cs(90,29): warning CS8601: 鍙兘鐨?null 寮曠敤璧嬪€笺€?[c:\WorkFiles\5.30\GZQL_MACHINE\LogViewer\LogViewer_ksrryn2d_wpftmp.csproj]
c:\WorkFiles\5.30\GZQL_MACHINE\LanguageModule\ViewModels\LocalizedViewModelBase.cs(30,52): warning CS8622: 鈥渧oid LocalizedViewModelBase.OnLanguageChangedEventHandler(object sender, LanguageChangedEventArgs e)鈥濈殑鍙傛暟鈥渟ender鈥濈被鍨嬩腑寮曠敤绫诲瀷鐨勪负 Null 鎬т笌鐩爣濮旀墭鈥淓ventHandler<LanguageChangedEventArgs>鈥濅笉鍖归厤(鍙兘鏄敱浜庝负 Null 鎬х壒鎬?銆?[c:\WorkFiles\5.30\GZQL_MACHINE\LanguageModule\Language.csproj]
c:\WorkFiles\5.30\GZQL_MACHINE\LanguageModule\ViewModels\LanguageSelectorViewModel.cs(57,53): warning CS8622: 鈥渧oid LanguageSelectorViewModel.OnLanguageChangedHandler(object sender, LanguageChangedEventArgs e)鈥濈殑鍙傛暟鈥渟ender鈥濈被鍨嬩腑寮曠敤绫诲瀷鐨勪负 Null 鎬т笌鐩爣濮旀墭鈥淓ventHandler<LanguageChangedEventArgs>鈥濅笉鍖归厤(鍙兘鏄敱浜庝负 Null 鎬х壒鎬?銆?[c:\WorkFiles\5.30\GZQL_MACHINE\LanguageModule\Language.csproj]
c:\WorkFiles\5.30\GZQL_MACHINE\LanguageModule\ViewModels\LanguageSelectorViewModel.cs(46,16): warning CS8618: 鍦ㄩ€€鍑烘瀯閫犲嚱鏁版椂锛屼笉鍙负 null 鐨?瀛楁 "_languages" 蹇呴』鍖呭惈闈?null 鍊笺€傝鑰冭檻娣诲姞 "required" 淇グ绗︽垨灏嗚 瀛楁 澹版槑涓哄彲涓?null銆?[c:\WorkFiles\5.30\GZQL_MACHINE\LanguageModule\Language.csproj]
c:\WorkFiles\5.30\GZQL_MACHINE\LanguageModule\ViewModels\LanguageSelectorViewModel.cs(46,16): warning CS8618: 鍦ㄩ€€鍑烘瀯閫犲嚱鏁版椂锛屼笉鍙负 null 鐨?瀛楁 "_selectedLanguage" 蹇呴』鍖呭惈闈?null 鍊笺€傝鑰冭檻娣诲姞 "required" 淇グ绗︽垨灏嗚 瀛楁 澹版槑涓哄彲涓?null銆?[c:\WorkFiles\5.30\GZQL_MACHINE\LanguageModule\Language.csproj]
  Language -> c:\WorkFiles\5.30\GZQL_MACHINE\LanguageModule\bin\Debug\net9.0-windows7.0\Language.dll
  LogViewer -> c:\WorkFiles\5.30\GZQL_MACHINE\LogViewer\bin\Debug\net9.0-windows7.0\LogViewer.dll

鐢熸垚澶辫触銆?

C:\Program Files\dotnet\sdk\10.0.203\Sdks\Microsoft.NET.Sdk\targets\Microsoft.PackageDependencyResolution.targets(266,5): warning NETSDK1187: 鍖?MaterialDesignExtensions 3.0.0 鍏锋湁鍏锋湁鍖哄煙璁剧疆'Ru'鐨勮祫婧愩€傛鍖哄煙璁剧疆宸茶鑼冨寲涓烘爣鍑嗘牸寮?ru'浠ラ槻姝㈢敓鎴愪腑鍑虹幇澶у皬鍐欓棶棰樸€傝鑰冭檻灏辨澶у皬鍐欓棶棰橀€氱煡鍖呬綔鑰呫€?[c:\WorkFiles\5.30\GZQL_MACHINE\ModuleCore\ModuleCore.csproj]
C:\Program Files\dotnet\sdk\10.0.203\Sdks\Microsoft.NET.Sdk\targets\Microsoft.PackageDependencyResolution.targets(266,5): warning NETSDK1187: 鍖?MaterialDesignExtensions 3.0.0 鍏锋湁鍏锋湁鍖哄煙璁剧疆'ru-ru'鐨勮祫婧愩€傛鍖哄煙璁剧疆宸茶鑼冨寲涓烘爣鍑嗘牸寮?ru-RU'浠ラ槻姝㈢敓鎴愪腑鍑虹幇澶у皬鍐欓棶棰樸€傝鑰冭檻灏辨澶у皬鍐欓棶棰橀€氱煡鍖呬綔鑰呫€?[c:\WorkFiles\5.30\GZQL_MACHINE\ModuleCore\ModuleCore.csproj]
C:\Program Files\dotnet\sdk\10.0.203\Sdks\Microsoft.NET.Sdk\targets\Microsoft.PackageDependencyResolution.targets(266,5): warning NETSDK1187: 鍖?MaterialDesignExtensions 3.0.0 鍏锋湁鍏锋湁鍖哄煙璁剧疆'Ru'鐨勮祫婧愩€傛鍖哄煙璁剧疆宸茶鑼冨寲涓烘爣鍑嗘牸寮?ru'浠ラ槻姝㈢敓鎴愪腑鍑虹幇澶у皬鍐欓棶棰樸€傝鑰冭檻灏辨澶у皬鍐欓棶棰橀€氱煡鍖呬綔鑰呫€?[c:\WorkFiles\5.30\GZQL_MACHINE\Framework\Framework_iu1u1hkq_wpftmp.csproj]
C:\Program Files\dotnet\sdk\10.0.203\Sdks\Microsoft.NET.Sdk\targets\Microsoft.PackageDependencyResolution.targets(266,5): warning NETSDK1187: 鍖?MaterialDesignExtensions 3.0.0 鍏锋湁鍏锋湁鍖哄煙璁剧疆'ru-ru'鐨勮祫婧愩€傛鍖哄煙璁剧疆宸茶鑼冨寲涓烘爣鍑嗘牸寮?ru-RU'浠ラ槻姝㈢敓鎴愪腑鍑虹幇澶у皬鍐欓棶棰樸€傝鑰冭檻灏辨澶у皬鍐欓棶棰橀€氱煡鍖呬綔鑰呫€?[c:\WorkFiles\5.30\GZQL_MACHINE\Framework\Framework_iu1u1hkq_wpftmp.csproj]
c:\WorkFiles\5.30\GZQL_MACHINE\LanguageModule\ViewModels\LanguageSelectorViewModel.cs(57,53): warning CS8622: 鈥渧oid LanguageSelectorViewModel.OnLanguageChangedHandler(object sender, LanguageChangedEventArgs e)鈥濈殑鍙傛暟鈥渟ender鈥濈被鍨嬩腑寮曠敤绫诲瀷鐨勪负 Null 鎬т笌鐩爣濮旀墭鈥淓ventHandler<LanguageChangedEventArgs>鈥濅笉鍖归厤(鍙兘鏄敱浜庝负 Null 鎬х壒鎬?銆?[c:\WorkFiles\5.30\GZQL_MACHINE\LanguageModule\Language_zwhl5e2c_wpftmp.csproj]
c:\WorkFiles\5.30\GZQL_MACHINE\LanguageModule\ViewModels\LanguageSelectorViewModel.cs(46,16): warning CS8618: 鍦ㄩ€€鍑烘瀯閫犲嚱鏁版椂锛屼笉鍙负 null 鐨?瀛楁 "_languages" 蹇呴』鍖呭惈闈?null 鍊笺€傝鑰冭檻娣诲姞 "required" 淇グ绗︽垨灏嗚 瀛楁 澹版槑涓哄彲涓?null銆?[c:\WorkFiles\5.30\GZQL_MACHINE\LanguageModule\Language_zwhl5e2c_wpftmp.csproj]
c:\WorkFiles\5.30\GZQL_MACHINE\LanguageModule\ViewModels\LanguageSelectorViewModel.cs(46,16): warning CS8618: 鍦ㄩ€€鍑烘瀯閫犲嚱鏁版椂锛屼笉鍙负 null 鐨?瀛楁 "_selectedLanguage" 蹇呴』鍖呭惈闈?null 鍊笺€傝鑰冭檻娣诲姞 "required" 淇グ绗︽垨灏嗚 瀛楁 澹版槑涓哄彲涓?null銆?[c:\WorkFiles\5.30\GZQL_MACHINE\LanguageModule\Language_zwhl5e2c_wpftmp.csproj]
c:\WorkFiles\5.30\GZQL_MACHINE\LanguageModule\ViewModels\LocalizedViewModelBase.cs(30,52): warning CS8622: 鈥渧oid LocalizedViewModelBase.OnLanguageChangedEventHandler(object sender, LanguageChangedEventArgs e)鈥濈殑鍙傛暟鈥渟ender鈥濈被鍨嬩腑寮曠敤绫诲瀷鐨勪负 Null 鎬т笌鐩爣濮旀墭鈥淓ventHandler<LanguageChangedEventArgs>鈥濅笉鍖归厤(鍙兘鏄敱浜庝负 Null 鎬х壒鎬?銆?[c:\WorkFiles\5.30\GZQL_MACHINE\LanguageModule\Language_zwhl5e2c_wpftmp.csproj]
c:\WorkFiles\5.30\GZQL_MACHINE\Framework\ViewModels\BusyIndicatorViewModel.cs(92,69): warning CS8625: 鏃犳硶灏?null 瀛楅潰閲忚浆鎹负闈?null 鐨勫紩鐢ㄧ被鍨嬨€?[c:\WorkFiles\5.30\GZQL_MACHINE\Framework\Framework_iu1u1hkq_wpftmp.csproj]
c:\WorkFiles\5.30\GZQL_MACHINE\Framework\ViewModels\BusyIndicatorViewModel.cs(105,55): warning CS8625: 鏃犳硶灏?null 瀛楅潰閲忚浆鎹负闈?null 鐨勫紩鐢ㄧ被鍨嬨€?[c:\WorkFiles\5.30\GZQL_MACHINE\Framework\Framework_iu1u1hkq_wpftmp.csproj]
c:\WorkFiles\5.30\GZQL_MACHINE\Framework\Dialogs\DialogServiceExtensions.cs(8,138): warning CS8625: 鏃犳硶灏?null 瀛楅潰閲忚浆鎹负闈?null 鐨勫紩鐢ㄧ被鍨嬨€?[c:\WorkFiles\5.30\GZQL_MACHINE\Framework\Framework_iu1u1hkq_wpftmp.csproj]
c:\WorkFiles\5.30\GZQL_MACHINE\Framework\Dialogs\IFileDialogService.cs(16,51): warning CS8625: 鏃犳硶灏?null 瀛楅潰閲忚浆鎹负闈?null 鐨勫紩鐢ㄧ被鍨嬨€?[c:\WorkFiles\5.30\GZQL_MACHINE\Framework\Framework_iu1u1hkq_wpftmp.csproj]
c:\WorkFiles\5.30\GZQL_MACHINE\Framework\Dialogs\IFileDialogService.cs(16,72): warning CS8625: 鏃犳硶灏?null 瀛楅潰閲忚浆鎹负闈?null 鐨勫紩鐢ㄧ被鍨嬨€?[c:\WorkFiles\5.30\GZQL_MACHINE\Framework\Framework_iu1u1hkq_wpftmp.csproj]
c:\WorkFiles\5.30\GZQL_MACHINE\Framework\Dialogs\IFileDialogService.cs(25,51): warning CS8625: 鏃犳硶灏?null 瀛楅潰閲忚浆鎹负闈?null 鐨勫紩鐢ㄧ被鍨嬨€?[c:\WorkFiles\5.30\GZQL_MACHINE\Framework\Framework_iu1u1hkq_wpftmp.csproj]
c:\WorkFiles\5.30\GZQL_MACHINE\Framework\Dialogs\IFileDialogService.cs(25,72): warning CS8625: 鏃犳硶灏?null 瀛楅潰閲忚浆鎹负闈?null 鐨勫紩鐢ㄧ被鍨嬨€?[c:\WorkFiles\5.30\GZQL_MACHINE\Framework\Framework_iu1u1hkq_wpftmp.csproj]
c:\WorkFiles\5.30\GZQL_MACHINE\Framework\Dialogs\IFileDialogService.cs(25,103): warning CS8625: 鏃犳硶灏?null 瀛楅潰閲忚浆鎹负闈?null 鐨勫紩鐢ㄧ被鍨嬨€?[c:\WorkFiles\5.30\GZQL_MACHINE\Framework\Framework_iu1u1hkq_wpftmp.csproj]
c:\WorkFiles\5.30\GZQL_MACHINE\Framework\Helpers\NumericIncrementBehavior.cs(299,89): warning CS8625: 鏃犳硶灏?null 瀛楅潰閲忚浆鎹负闈?null 鐨勫紩鐢ㄧ被鍨嬨€?[c:\WorkFiles\5.30\GZQL_MACHINE\Framework\Framework_iu1u1hkq_wpftmp.csproj]
c:\WorkFiles\5.30\GZQL_MACHINE\Framework\Mvvm\ObservableDictionary.cs(7,18): warning CS8714: 绫诲瀷鈥淭Key鈥濅笉鑳界敤浣滄硾鍨嬬被鍨嬫垨鏂规硶鈥淒ictionary<TKey, TValue>鈥濅腑鐨勭被鍨嬪弬鏁扳€淭Key鈥濄€傜被鍨嬪弬鏁扳€淭Key鈥濈殑涓?Null 鎬т笌 "notnull" 绾︽潫涓嶅尮閰嶃€?[c:\WorkFiles\5.30\GZQL_MACHINE\Framework\Framework_iu1u1hkq_wpftmp.csproj]
c:\WorkFiles\5.30\GZQL_MACHINE\Framework\Mvvm\ObservableDictionary.cs(15,58): warning CS8612: 鈥渆vent NotifyCollectionChangedEventHandler ObservableDictionary<TKey, TValue>.CollectionChanged鈥濈殑绫诲瀷涓紩鐢ㄧ被鍨嬬殑涓?Null 鎬т笌闅愬紡瀹炵幇鐨勬垚鍛樷€渆vent NotifyCollectionChangedEventHandler? INotifyCollectionChanged.CollectionChanged鈥濅笉鍖归厤銆?[c:\WorkFiles\5.30\GZQL_MACHINE\Framework\Framework_iu1u1hkq_wpftmp.csproj]
c:\WorkFiles\5.30\GZQL_MACHINE\Framework\Mvvm\ObservableDictionary.cs(17,34): warning CS8714: 绫诲瀷鈥淭Key鈥濅笉鑳界敤浣滄硾鍨嬬被鍨嬫垨鏂规硶鈥淒ictionary<TKey, TValue>鈥濅腑鐨勭被鍨嬪弬鏁扳€淭Key鈥濄€傜被鍨嬪弬鏁扳€淭Key鈥濈殑涓?Null 鎬т笌 "notnull" 绾︽潫涓嶅尮閰嶃€?[c:\WorkFiles\5.30\GZQL_MACHINE\Framework\Framework_iu1u1hkq_wpftmp.csproj]
c:\WorkFiles\5.30\GZQL_MACHINE\Framework\Mvvm\ObservableDictionary.cs(22,36): warning CS8714: 绫诲瀷鈥淭Key鈥濅笉鑳界敤浣滄硾鍨嬬被鍨嬫垨鏂规硶鈥淒ictionary<TKey, TValue>鈥濅腑鐨勭被鍨嬪弬鏁扳€淭Key鈥濄€傜被鍨嬪弬鏁扳€淭Key鈥濈殑涓?Null 鎬т笌 "notnull" 绾︽潫涓嶅尮閰嶃€?[c:\WorkFiles\5.30\GZQL_MACHINE\Framework\Framework_iu1u1hkq_wpftmp.csproj]
c:\WorkFiles\5.30\GZQL_MACHINE\Framework\Services\DialogService.cs(74,38): warning CS8625: 鏃犳硶灏?null 瀛楅潰閲忚浆鎹负闈?null 鐨勫紩鐢ㄧ被鍨嬨€?[c:\WorkFiles\5.30\GZQL_MACHINE\Framework\Framework_iu1u1hkq_wpftmp.csproj]
c:\WorkFiles\5.30\GZQL_MACHINE\Framework\Services\DialogService.cs(143,38): warning CS8625: 鏃犳硶灏?null 瀛楅潰閲忚浆鎹负闈?null 鐨勫紩鐢ㄧ被鍨嬨€?[c:\WorkFiles\5.30\GZQL_MACHINE\Framework\Framework_iu1u1hkq_wpftmp.csproj]
c:\WorkFiles\5.30\GZQL_MACHINE\Framework\Services\DialogService.cs(251,28): warning CS8625: 鏃犳硶灏?null 瀛楅潰閲忚浆鎹负闈?null 鐨勫紩鐢ㄧ被鍨嬨€?[c:\WorkFiles\5.30\GZQL_MACHINE\Framework\Framework_iu1u1hkq_wpftmp.csproj]
c:\WorkFiles\5.30\GZQL_MACHINE\Framework\Services\DialogService.cs(351,38): warning CS8625: 鏃犳硶灏?null 瀛楅潰閲忚浆鎹负闈?null 鐨勫紩鐢ㄧ被鍨嬨€?[c:\WorkFiles\5.30\GZQL_MACHINE\Framework\Framework_iu1u1hkq_wpftmp.csproj]
c:\WorkFiles\5.30\GZQL_MACHINE\Framework\Services\DialogService.cs(357,28): warning CS8625: 鏃犳硶灏?null 瀛楅潰閲忚浆鎹负闈?null 鐨勫紩鐢ㄧ被鍨嬨€?[c:\WorkFiles\5.30\GZQL_MACHINE\Framework\Framework_iu1u1hkq_wpftmp.csproj]
c:\WorkFiles\5.30\GZQL_MACHINE\Framework\Services\DialogService.cs(419,28): warning CS8625: 鏃犳硶灏?null 瀛楅潰閲忚浆鎹负闈?null 鐨勫紩鐢ㄧ被鍨嬨€?[c:\WorkFiles\5.30\GZQL_MACHINE\Framework\Framework_iu1u1hkq_wpftmp.csproj]
c:\WorkFiles\5.30\GZQL_MACHINE\Framework\Services\FileDialogService.cs(8,58): warning CS8625: 鏃犳硶灏?null 瀛楅潰閲忚浆鎹负闈?null 鐨勫紩鐢ㄧ被鍨嬨€?[c:\WorkFiles\5.30\GZQL_MACHINE\Framework\Framework_iu1u1hkq_wpftmp.csproj]
c:\WorkFiles\5.30\GZQL_MACHINE\Framework\Services\FileDialogService.cs(8,79): warning CS8625: 鏃犳硶灏?null 瀛楅潰閲忚浆鎹负闈?null 鐨勫紩鐢ㄧ被鍨嬨€?[c:\WorkFiles\5.30\GZQL_MACHINE\Framework\Framework_iu1u1hkq_wpftmp.csproj]
c:\WorkFiles\5.30\GZQL_MACHINE\Framework\Services\FileDialogService.cs(18,58): warning CS8625: 鏃犳硶灏?null 瀛楅潰閲忚浆鎹负闈?null 鐨勫紩鐢ㄧ被鍨嬨€?[c:\WorkFiles\5.30\GZQL_MACHINE\Framework\Framework_iu1u1hkq_wpftmp.csproj]
c:\WorkFiles\5.30\GZQL_MACHINE\Framework\Services\FileDialogService.cs(18,79): warning CS8625: 鏃犳硶灏?null 瀛楅潰閲忚浆鎹负闈?null 鐨勫紩鐢ㄧ被鍨嬨€?[c:\WorkFiles\5.30\GZQL_MACHINE\Framework\Framework_iu1u1hkq_wpftmp.csproj]
c:\WorkFiles\5.30\GZQL_MACHINE\Framework\Services\FileDialogService.cs(18,110): warning CS8625: 鏃犳硶灏?null 瀛楅潰閲忚浆鎹负闈?null 鐨勫紩鐢ㄧ被鍨嬨€?[c:\WorkFiles\5.30\GZQL_MACHINE\Framework\Framework_iu1u1hkq_wpftmp.csproj]
c:\WorkFiles\5.30\GZQL_MACHINE\Framework\Services\ParameterDialogService.cs(20,50): warning CS8625: 鏃犳硶灏?null 瀛楅潰閲忚浆鎹负闈?null 鐨勫紩鐢ㄧ被鍨嬨€?[c:\WorkFiles\5.30\GZQL_MACHINE\Framework\Framework_iu1u1hkq_wpftmp.csproj]
c:\WorkFiles\5.30\GZQL_MACHINE\Framework\Services\ParameterDialogService.cs(20,83): warning CS8625: 鏃犳硶灏?null 瀛楅潰閲忚浆鎹负闈?null 鐨勫紩鐢ㄧ被鍨嬨€?[c:\WorkFiles\5.30\GZQL_MACHINE\Framework\Framework_iu1u1hkq_wpftmp.csproj]
c:\WorkFiles\5.30\GZQL_MACHINE\Framework\Services\RecipeDialogService.cs(20,148): warning CS8625: 鏃犳硶灏?null 瀛楅潰閲忚浆鎹负闈?null 鐨勫紩鐢ㄧ被鍨嬨€?[c:\WorkFiles\5.30\GZQL_MACHINE\Framework\Framework_iu1u1hkq_wpftmp.csproj]
c:\WorkFiles\5.30\GZQL_MACHINE\Framework\Views\MessageDialog.xaml.cs(68,37): warning CS8625: 鏃犳硶灏?null 瀛楅潰閲忚浆鎹负闈?null 鐨勫紩鐢ㄧ被鍨嬨€?[c:\WorkFiles\5.30\GZQL_MACHINE\Framework\Framework_iu1u1hkq_wpftmp.csproj]
c:\WorkFiles\5.30\GZQL_MACHINE\LogViewer\Views\LogViewer.xaml.cs(24,16): warning CS8618: 鍦ㄩ€€鍑烘瀯閫犲嚱鏁版椂锛屼笉鍙负 null 鐨?瀛楁 "_filteredLogEntries" 蹇呴』鍖呭惈闈?null 鍊笺€傝鑰冭檻娣诲姞 "required" 淇グ绗︽垨灏嗚 瀛楁 澹版槑涓哄彲涓?null銆?[c:\WorkFiles\5.30\GZQL_MACHINE\LogViewer\LogViewer_ksrryn2d_wpftmp.csproj]
c:\WorkFiles\5.30\GZQL_MACHINE\LogViewer\Views\LogViewer.xaml.cs(24,16): warning CS8618: 鍦ㄩ€€鍑烘瀯閫犲嚱鏁版椂锛屼笉鍙负 null 鐨?瀛楁 "_scrollTimer" 蹇呴』鍖呭惈闈?null 鍊笺€傝鑰冭檻娣诲姞 "required" 淇グ绗︽垨灏嗚 瀛楁 澹版槑涓哄彲涓?null銆?[c:\WorkFiles\5.30\GZQL_MACHINE\LogViewer\LogViewer_ksrryn2d_wpftmp.csproj]
c:\WorkFiles\5.30\GZQL_MACHINE\LogViewer\Views\LogViewer.xaml.cs(24,16): warning CS8618: 鍦ㄩ€€鍑烘瀯閫犲嚱鏁版椂锛屼笉鍙负 null 鐨?浜嬩欢 "PropertyChanged" 蹇呴』鍖呭惈闈?null 鍊笺€傝鑰冭檻娣诲姞 "required" 淇グ绗︽垨灏嗚 浜嬩欢 澹版槑涓哄彲涓?null銆?[c:\WorkFiles\5.30\GZQL_MACHINE\LogViewer\LogViewer_ksrryn2d_wpftmp.csproj]
c:\WorkFiles\5.30\GZQL_MACHINE\LogViewer\Views\LogViewer.xaml.cs(40,44): warning CS8622: 鈥渧oid LogViewer.OnLogEntryAdded(object sender, LogEntryAddedEventArgs e)鈥濈殑鍙傛暟鈥渟ender鈥濈被鍨嬩腑寮曠敤绫诲瀷鐨勪负 Null 鎬т笌鐩爣濮旀墭鈥淓ventHandler<LogEntryAddedEventArgs>鈥濅笉鍖归厤(鍙兘鏄敱浜庝负 Null 鎬х壒鎬?銆?[c:\WorkFiles\5.30\GZQL_MACHINE\LogViewer\LogViewer_ksrryn2d_wpftmp.csproj]
c:\WorkFiles\5.30\GZQL_MACHINE\LogViewer\Views\LogViewer.xaml.cs(61,34): warning CS8622: 鈥渧oid LogViewer.OnScrollTimerTick(object sender, EventArgs e)鈥濈殑鍙傛暟鈥渟ender鈥濈被鍨嬩腑寮曠敤绫诲瀷鐨勪负 Null 鎬т笌鐩爣濮旀墭鈥淓ventHandler鈥濅笉鍖归厤(鍙兘鏄敱浜庝负 Null 鎬х壒鎬?銆?[c:\WorkFiles\5.30\GZQL_MACHINE\LogViewer\LogViewer_ksrryn2d_wpftmp.csproj]
c:\WorkFiles\5.30\GZQL_MACHINE\LogViewer\Views\LogViewer.xaml.cs(70,32): warning CS8625: 鏃犳硶灏?null 瀛楅潰閲忚浆鎹负闈?null 鐨勫紩鐢ㄧ被鍨嬨€?[c:\WorkFiles\5.30\GZQL_MACHINE\LogViewer\LogViewer_ksrryn2d_wpftmp.csproj]
c:\WorkFiles\5.30\GZQL_MACHINE\LogViewer\ViewModels\LogViewerViewModel.cs(145,23): warning CS8618: 鍦ㄩ€€鍑烘瀯閫犲嚱鏁版椂锛屼笉鍙负 null 鐨?灞炴€?"Level" 蹇呴』鍖呭惈闈?null 鍊笺€傝鑰冭檻娣诲姞 "required" 淇グ绗︽垨灏嗚 灞炴€?澹版槑涓哄彲涓?null銆?[c:\WorkFiles\5.30\GZQL_MACHINE\LogViewer\LogViewer_ksrryn2d_wpftmp.csproj]
c:\WorkFiles\5.30\GZQL_MACHINE\LogViewer\ViewModels\LogViewerViewModel.cs(146,23): warning CS8618: 鍦ㄩ€€鍑烘瀯閫犲嚱鏁版椂锛屼笉鍙负 null 鐨?灞炴€?"Message" 蹇呴』鍖呭惈闈?null 鍊笺€傝鑰冭檻娣诲姞 "required" 淇グ绗︽垨灏嗚 灞炴€?澹版槑涓哄彲涓?null銆?[c:\WorkFiles\5.30\GZQL_MACHINE\LogViewer\LogViewer_ksrryn2d_wpftmp.csproj]
c:\WorkFiles\5.30\GZQL_MACHINE\LogViewer\ViewModels\LogViewerViewModel.cs(147,23): warning CS8618: 鍦ㄩ€€鍑烘瀯閫犲嚱鏁版椂锛屼笉鍙负 null 鐨?灞炴€?"Exception" 蹇呴』鍖呭惈闈?null 鍊笺€傝鑰冭檻娣诲姞 "required" 淇グ绗︽垨灏嗚 灞炴€?澹版槑涓哄彲涓?null銆?[c:\WorkFiles\5.30\GZQL_MACHINE\LogViewer\LogViewer_ksrryn2d_wpftmp.csproj]
c:\WorkFiles\5.30\GZQL_MACHINE\LogViewer\Converters\NewLineToLineBreakConverter.cs(21,39): warning CS8603: 鍙兘杩斿洖 null 寮曠敤銆?[c:\WorkFiles\5.30\GZQL_MACHINE\LogViewer\LogViewer_ksrryn2d_wpftmp.csproj]
c:\WorkFiles\5.30\GZQL_MACHINE\LogViewer\Converters\NewLineToLineBreakConverter.cs(23,27): warning CS8600: 灏?null 鏂囨湰鎴栧彲鑳界殑 null 鍊艰浆鎹负涓嶅彲涓?null 绫诲瀷銆?[c:\WorkFiles\5.30\GZQL_MACHINE\LogViewer\LogViewer_ksrryn2d_wpftmp.csproj]
c:\WorkFiles\5.30\GZQL_MACHINE\LogViewer\Converters\NewLineToLineBreakConverter.cs(24,52): warning CS8603: 鍙兘杩斿洖 null 寮曠敤銆?[c:\WorkFiles\5.30\GZQL_MACHINE\LogViewer\LogViewer_ksrryn2d_wpftmp.csproj]
c:\WorkFiles\5.30\GZQL_MACHINE\LogViewer\ViewModels\LogViewerViewModel.cs(34,40): warning CS8622: 鈥渧oid LogViewerViewModel.OnLogEvent(object sender, LogEventArgs e)鈥濈殑鍙傛暟鈥渟ender鈥濈被鍨嬩腑寮曠敤绫诲瀷鐨勪负 Null 鎬т笌鐩爣濮旀墭鈥淓ventHandler<LogEventArgs>鈥濅笉鍖归厤(鍙兘鏄敱浜庝负 Null 鎬х壒鎬?銆?[c:\WorkFiles\5.30\GZQL_MACHINE\LogViewer\LogViewer_ksrryn2d_wpftmp.csproj]
c:\WorkFiles\5.30\GZQL_MACHINE\LogViewer\ViewModels\LogViewerViewModel.cs(41,33): warning CS8622: 鈥渧oid LogViewerViewModel.OnBatchTimerTick(object sender, EventArgs e)鈥濈殑鍙傛暟鈥渟ender鈥濈被鍨嬩腑寮曠敤绫诲瀷鐨勪负 Null 鎬т笌鐩爣濮旀墭鈥淓ventHandler鈥濅笉鍖归厤(鍙兘鏄敱浜庝负 Null 鎬х壒鎬?銆?[c:\WorkFiles\5.30\GZQL_MACHINE\LogViewer\LogViewer_ksrryn2d_wpftmp.csproj]
c:\WorkFiles\5.30\GZQL_MACHINE\LogViewer\ViewModels\LogViewerViewModel.cs(29,16): warning CS8618: 鍦ㄩ€€鍑烘瀯閫犲嚱鏁版椂锛屼笉鍙负 null 鐨?瀛楁 "_logEntries" 蹇呴』鍖呭惈闈?null 鍊笺€傝鑰冭檻娣诲姞 "required" 淇グ绗︽垨灏嗚 瀛楁 澹版槑涓哄彲涓?null銆?[c:\WorkFiles\5.30\GZQL_MACHINE\LogViewer\LogViewer_ksrryn2d_wpftmp.csproj]
c:\WorkFiles\5.30\GZQL_MACHINE\LogViewer\ViewModels\LogViewerViewModel.cs(29,16): warning CS8618: 鍦ㄩ€€鍑烘瀯閫犲嚱鏁版椂锛屼笉鍙负 null 鐨?浜嬩欢 "LogEntryAdded" 蹇呴』鍖呭惈闈?null 鍊笺€傝鑰冭檻娣诲姞 "required" 淇グ绗︽垨灏嗚 浜嬩欢 澹版槑涓哄彲涓?null銆?[c:\WorkFiles\5.30\GZQL_MACHINE\LogViewer\LogViewer_ksrryn2d_wpftmp.csproj]
c:\WorkFiles\5.30\GZQL_MACHINE\LogViewer\ViewModels\LogViewerViewModel.cs(57,33): warning CS8601: 鍙兘鐨?null 寮曠敤璧嬪€笺€?[c:\WorkFiles\5.30\GZQL_MACHINE\LogViewer\LogViewer_ksrryn2d_wpftmp.csproj]
c:\WorkFiles\5.30\GZQL_MACHINE\LogViewer\ViewModels\LogViewerViewModel.cs(90,29): warning CS8601: 鍙兘鐨?null 寮曠敤璧嬪€笺€?[c:\WorkFiles\5.30\GZQL_MACHINE\LogViewer\LogViewer_ksrryn2d_wpftmp.csproj]
c:\WorkFiles\5.30\GZQL_MACHINE\LanguageModule\ViewModels\LocalizedViewModelBase.cs(30,52): warning CS8622: 鈥渧oid LocalizedViewModelBase.OnLanguageChangedEventHandler(object sender, LanguageChangedEventArgs e)鈥濈殑鍙傛暟鈥渟ender鈥濈被鍨嬩腑寮曠敤绫诲瀷鐨勪负 Null 鎬т笌鐩爣濮旀墭鈥淓ventHandler<LanguageChangedEventArgs>鈥濅笉鍖归厤(鍙兘鏄敱浜庝负 Null 鎬х壒鎬?銆?[c:\WorkFiles\5.30\GZQL_MACHINE\LanguageModule\Language.csproj]
c:\WorkFiles\5.30\GZQL_MACHINE\LanguageModule\ViewModels\LanguageSelectorViewModel.cs(57,53): warning CS8622: 鈥渧oid LanguageSelectorViewModel.OnLanguageChangedHandler(object sender, LanguageChangedEventArgs e)鈥濈殑鍙傛暟鈥渟ender鈥濈被鍨嬩腑寮曠敤绫诲瀷鐨勪负 Null 鎬т笌鐩爣濮旀墭鈥淓ventHandler<LanguageChangedEventArgs>鈥濅笉鍖归厤(鍙兘鏄敱浜庝负 Null 鎬х壒鎬?銆?[c:\WorkFiles\5.30\GZQL_MACHINE\LanguageModule\Language.csproj]
c:\WorkFiles\5.30\GZQL_MACHINE\LanguageModule\ViewModels\LanguageSelectorViewModel.cs(46,16): warning CS8618: 鍦ㄩ€€鍑烘瀯閫犲嚱鏁版椂锛屼笉鍙负 null 鐨?瀛楁 "_languages" 蹇呴』鍖呭惈闈?null 鍊笺€傝鑰冭檻娣诲姞 "required" 淇グ绗︽垨灏嗚 瀛楁 澹版槑涓哄彲涓?null銆?[c:\WorkFiles\5.30\GZQL_MACHINE\LanguageModule\Language.csproj]
c:\WorkFiles\5.30\GZQL_MACHINE\LanguageModule\ViewModels\LanguageSelectorViewModel.cs(46,16): warning CS8618: 鍦ㄩ€€鍑烘瀯閫犲嚱鏁版椂锛屼笉鍙负 null 鐨?瀛楁 "_selectedLanguage" 蹇呴』鍖呭惈闈?null 鍊笺€傝鑰冭檻娣诲姞 "required" 淇グ绗︽垨灏嗚 瀛楁 澹版槑涓哄彲涓?null銆?[c:\WorkFiles\5.30\GZQL_MACHINE\LanguageModule\Language.csproj]
c:\WorkFiles\5.30\GZQL_MACHINE\Framework\Models\DialogButton.cs(11,33): error CS0246: 鏈兘鎵惧埌绫诲瀷鎴栧懡鍚嶇┖闂村悕鈥淏indableObject鈥?鏄惁缂哄皯 using 鎸囦护鎴栫▼搴忛泦寮曠敤?) [c:\WorkFiles\5.30\GZQL_MACHINE\Framework\Framework_iu1u1hkq_wpftmp.csproj]
    58 涓鍛?
    1 涓敊璇?

宸茬敤鏃堕棿 00:00:42.91
